[     745ms] [INFO] %cDownload the React DevTools for a better development experience: https://react.dev/link/react-devtools font-weight:bold @ http://localhost:3000/_next/static/chunks/node_modules_next_dist_05y3oi5z9mc_3._.js:719
[     783ms] [LOG] [HMR] connected @ http://localhost:3000/_next/static/chunks/node_modules_next_dist_05y3oi5z9mc_3._.js:719
[   81746ms] [LOG] [Fast Refresh] rebuilding @ http://localhost:3000/_next/static/chunks/node_modules_next_dist_05y3oi5z9mc_3._.js:719
[   81797ms] [LOG] [Fast Refresh] done in 150ms @ http://localhost:3000/_next/static/chunks/node_modules_next_dist_05y3oi5z9mc_3._.js:719
[   81984ms] [LOG] [Fast Refresh] done in 150ms @ http://localhost:3000/_next/static/chunks/node_modules_next_dist_05y3oi5z9mc_3._.js:719
[   92838ms] [LOG] [Fast Refresh] rebuilding @ http://localhost:3000/_next/static/chunks/node_modules_next_dist_05y3oi5z9mc_3._.js:719
[   92903ms] [LOG] [Fast Refresh] done in 57ms @ http://localhost:3000/_next/static/chunks/node_modules_next_dist_05y3oi5z9mc_3._.js:719
[   93133ms] [LOG] [Fast Refresh] done in 57ms @ http://localhost:3000/_next/static/chunks/node_modules_next_dist_05y3oi5z9mc_3._.js:719
[  101326ms] [LOG] [Fast Refresh] done in 57ms @ http://localhost:3000/_next/static/chunks/node_modules_next_dist_05y3oi5z9mc_3._.js:719
[  109031ms] [LOG] [Fast Refresh] rebuilding @ http://localhost:3000/_next/static/chunks/node_modules_next_dist_05y3oi5z9mc_3._.js:719
[  109039ms] [WARNING] [Fast Refresh] performing full reload

Fast Refresh will perform a full reload when you edit a file that's imported by modules outside of the React rendering tree.
You might have a file which exports a React component but also exports a value that is imported by a non-React component file.
Consider migrating the non-React component export to a separate file and importing it into both files.

It is also possible the parent component of the component you edited is a class component, which disables Fast Refresh.
Fast Refresh requires at least one parent function component in your React tree. @ http://localhost:3000/_next/static/chunks/node_modules_next_dist_05y3oi5z9mc_3._.js:719
[  109076ms] [LOG] [Fast Refresh] done in 151ms @ http://localhost:3000/_next/static/chunks/node_modules_next_dist_05y3oi5z9mc_3._.js:719
[  109190ms] [LOG] [Fast Refresh] done in 151ms @ http://localhost:3000/_next/static/chunks/node_modules_next_dist_05y3oi5z9mc_3._.js:719
[  109553ms] [LOG] [Fast Refresh] done in 151ms @ http://localhost:3000/_next/static/chunks/node_modules_next_dist_05y3oi5z9mc_3._.js:719
[  109553ms] [LOG] [Fast Refresh] done in 151ms @ http://localhost:3000/_next/static/chunks/node_modules_next_dist_05y3oi5z9mc_3._.js:719
[  109876ms] [INFO] %cDownload the React DevTools for a better development experience: https://react.dev/link/react-devtools font-weight:bold @ http://localhost:3000/_next/static/chunks/node_modules_next_dist_05y3oi5z9mc_3._.js:719
[  109898ms] [LOG] [HMR] connected @ http://localhost:3000/_next/static/chunks/node_modules_next_dist_05y3oi5z9mc_3._.js:719
[  258547ms] [LOG] [Fast Refresh] rebuilding @ http://localhost:3000/_next/static/chunks/node_modules_next_dist_05y3oi5z9mc_3._.js:719
[  258580ms] [LOG] [Fast Refresh] done in 94ms @ http://localhost:3000/_next/static/chunks/node_modules_next_dist_05y3oi5z9mc_3._.js:719
[  258745ms] [LOG] [Fast Refresh] done in 94ms @ http://localhost:3000/_next/static/chunks/node_modules_next_dist_05y3oi5z9mc_3._.js:719
[  274264ms] [LOG] [Fast Refresh] rebuilding @ http://localhost:3000/_next/static/chunks/node_modules_next_dist_05y3oi5z9mc_3._.js:719
[  274292ms] [LOG] [Fast Refresh] done in 31ms @ http://localhost:3000/_next/static/chunks/node_modules_next_dist_05y3oi5z9mc_3._.js:719
[  274480ms] [LOG] [Fast Refresh] done in 31ms @ http://localhost:3000/_next/static/chunks/node_modules_next_dist_05y3oi5z9mc_3._.js:719
[  275412ms] [LOG] [Fast Refresh] done in 31ms @ http://localhost:3000/_next/static/chunks/node_modules_next_dist_05y3oi5z9mc_3._.js:719
[  283864ms] [LOG] [Fast Refresh] done in 31ms @ http://localhost:3000/_next/static/chunks/node_modules_next_dist_05y3oi5z9mc_3._.js:719
[  296290ms] [LOG] [Fast Refresh] rebuilding @ http://localhost:3000/_next/static/chunks/node_modules_next_dist_05y3oi5z9mc_3._.js:719
[  296324ms] [LOG] [Fast Refresh] done in 102ms @ http://localhost:3000/_next/static/chunks/node_modules_next_dist_05y3oi5z9mc_3._.js:719
[  296433ms] [LOG] [Fast Refresh] done in 102ms @ http://localhost:3000/_next/static/chunks/node_modules_next_dist_05y3oi5z9mc_3._.js:719
[  304295ms] [LOG] [Fast Refresh] done in 102ms @ http://localhost:3000/_next/static/chunks/node_modules_next_dist_05y3oi5z9mc_3._.js:719
[  316260ms] [LOG] [Fast Refresh] rebuilding @ http://localhost:3000/_next/static/chunks/node_modules_next_dist_05y3oi5z9mc_3._.js:719
[  316313ms] [LOG] [Fast Refresh] done in 34ms @ http://localhost:3000/_next/static/chunks/node_modules_next_dist_05y3oi5z9mc_3._.js:719
[  316376ms] [LOG] [Fast Refresh] done in 34ms @ http://localhost:3000/_next/static/chunks/node_modules_next_dist_05y3oi5z9mc_3._.js:719
[  324470ms] [LOG] [Fast Refresh] done in 34ms @ http://localhost:3000/_next/static/chunks/node_modules_next_dist_05y3oi5z9mc_3._.js:719
[  358737ms] [LOG] [Fast Refresh] done in 34ms @ http://localhost:3000/_next/static/chunks/node_modules_next_dist_05y3oi5z9mc_3._.js:719
[  359373ms] [LOG] [Fast Refresh] done in 34ms @ http://localhost:3000/_next/static/chunks/node_modules_next_dist_05y3oi5z9mc_3._.js:719
[  361197ms] [LOG] [Fast Refresh] done in 34ms @ http://localhost:3000/_next/static/chunks/node_modules_next_dist_05y3oi5z9mc_3._.js:719
[  361666ms] [LOG] [Fast Refresh] done in 34ms @ http://localhost:3000/_next/static/chunks/node_modules_next_dist_05y3oi5z9mc_3._.js:719
[  377864ms] [LOG] [Fast Refresh] done in 34ms @ http://localhost:3000/_next/static/chunks/node_modules_next_dist_05y3oi5z9mc_3._.js:719
[  378136ms] [LOG] [Fast Refresh] done in 34ms @ http://localhost:3000/_next/static/chunks/node_modules_next_dist_05y3oi5z9mc_3._.js:719
[  396616ms] [LOG] [Fast Refresh] done in 80351ms @ http://localhost:3000/_next/static/chunks/node_modules_next_dist_05y3oi5z9mc_3._.js:719
[  396684ms] [LOG] [Fast Refresh] done in 80351ms @ http://localhost:3000/_next/static/chunks/node_modules_next_dist_05y3oi5z9mc_3._.js:719
[  402493ms] [LOG] [Fast Refresh] done in 80351ms @ http://localhost:3000/_next/static/chunks/node_modules_next_dist_05y3oi5z9mc_3._.js:719
[  487156ms] [LOG] [Fast Refresh] rebuilding @ http://localhost:3000/_next/static/chunks/node_modules_next_dist_05y3oi5z9mc_3._.js:719
[  487185ms] [LOG] [Fast Refresh] done in 29ms @ http://localhost:3000/_next/static/chunks/node_modules_next_dist_05y3oi5z9mc_3._.js:719
[  487561ms] [LOG] [Fast Refresh] done in 29ms @ http://localhost:3000/_next/static/chunks/node_modules_next_dist_05y3oi5z9mc_3._.js:719
[  493322ms] [LOG] [Fast Refresh] done in 29ms @ http://localhost:3000/_next/static/chunks/node_modules_next_dist_05y3oi5z9mc_3._.js:719
[  500957ms] [LOG] [Fast Refresh] done in 13801ms @ http://localhost:3000/_next/static/chunks/node_modules_next_dist_05y3oi5z9mc_3._.js:719
[  501203ms] [LOG] [Fast Refresh] done in 13801ms @ http://localhost:3000/_next/static/chunks/node_modules_next_dist_05y3oi5z9mc_3._.js:719
[  506813ms] [LOG] [Fast Refresh] done in 13801ms @ http://localhost:3000/_next/static/chunks/node_modules_next_dist_05y3oi5z9mc_3._.js:719
[ 1316237ms] [LOG] [Fast Refresh] done in 13801ms @ http://localhost:3000/_next/static/chunks/node_modules_next_dist_05y3oi5z9mc_3._.js:719
[ 1316864ms] [LOG] [Fast Refresh] done in 13801ms @ http://localhost:3000/_next/static/chunks/node_modules_next_dist_05y3oi5z9mc_3._.js:719
[ 1402745ms] [LOG] [Fast Refresh] rebuilding @ http://localhost:3000/_next/static/chunks/node_modules_next_dist_05y3oi5z9mc_3._.js:719
[ 1402781ms] [LOG] [Fast Refresh] done in 62ms @ http://localhost:3000/_next/static/chunks/node_modules_next_dist_05y3oi5z9mc_3._.js:719
[ 1402995ms] [LOG] [Fast Refresh] done in 62ms @ http://localhost:3000/_next/static/chunks/node_modules_next_dist_05y3oi5z9mc_3._.js:719
[ 1403240ms] [LOG] [Fast Refresh] done in 62ms @ http://localhost:3000/_next/static/chunks/node_modules_next_dist_05y3oi5z9mc_3._.js:719
[ 1410419ms] [LOG] [Fast Refresh] done in 62ms @ http://localhost:3000/_next/static/chunks/node_modules_next_dist_05y3oi5z9mc_3._.js:719
[ 1570506ms] [LOG] [Fast Refresh] done in 62ms @ http://localhost:3000/_next/static/chunks/node_modules_next_dist_05y3oi5z9mc_3._.js:719
[ 1571105ms] [LOG] [Fast Refresh] done in 62ms @ http://localhost:3000/_next/static/chunks/node_modules_next_dist_05y3oi5z9mc_3._.js:719
